1234
-5678
0
42
-1
987654321
-2147483648
2147483647
